2026-04-21 20:05:55,490 
Namespace(cfg='/DATA/Ego4d/episodic-memory/NLQ/2D-TAN/experiments/ego4d/2D-TAN-40x40-K9L4-pool-window-std-sf.yaml', gpus=None, workers=None, dataDir=None, modelDir=None, logDir=None, verbose=True, tag=None, debug=False)
2026-04-21 20:05:55,490 
{'CUDNN': {'BENCHMARK': True, 'DETERMINISTIC': False, 'ENABLED': True},
 'DATASET': {'BIAS': 0,
             'DOWNSAMPLING_STRIDE': 16,
             'MODALITY': '',
             'NAME': 'Ego4DClip',
             'NEGWINDOW': False,
             'NORMALIZE': True,
             'NO_VAL': False,
             'NUM_SAMPLE_CLIPS': 40,
             'RANDOM_SAMPLING': False,
             'ROOT': '',
             'SPLIT': '',
             'TARGET_STRIDE': 1,
             'TXT_FEATURE': 'bert',
             'VIS_INPUT_TYPE': 'EgoVLP',
             'WINDOW': 80},
 'DATA_DIR': './data/Ego4D_clip',
 'DEBUG': False,
 'LOG_DIR': './log',
 'LOSS': {'NAME': 'bce_rescale_loss',
          'PARAMS': {'BIAS': 0.3, 'MAX_IOU': 1.0, 'MIN_IOU': 0.3}},
 'MODEL': {'CHECKPOINT': 'checkpoints/Ego4DClip/TAN_slowfast/iter005030-0.0530-0.1242.pkl',
           'NAME': 'TAN'},
 'MODEL_DIR': './checkpoints',
 'RESULT_DIR': './results2',
 'TAG': '',
 'TAN': {'FRAME_MODULE': {'NAME': 'FrameAvgPool',
                          'PARAMS': {'HIDDEN_SIZE': 256,
                                     'INPUT_SIZE': 256,
                                     'KERNEL_SIZE': 1,
                                     'STRIDE': 1}},
         'FUSION_MODULE': {'NAME': 'BaseFusion',
                           'PARAMS': {'HIDDEN_SIZE': 256,
                                      'LSTM': {'BIDIRECTIONAL': False,
                                               'NUM_LAYERS': 3},
                                      'TXT_HIDDEN_SIZE': 768,
                                      'TXT_INPUT_SIZE': 300}},
         'MAP_MODULE': {'NAME': 'MapConv',
                        'PARAMS': {'DILATIONS': [1, 1, 1, 1],
                                   'HIDDEN_SIZES': [256, 256, 256, 256],
                                   'INPUT_SIZE': 256,
                                   'KERNEL_SIZES': [9, 9, 9, 9],
                                   'PADDINGS': [16, 0, 0, 0],
                                   'STRIDES': [1, 1, 1, 1]}},
         'PRED_INPUT_SIZE': 256,
         'PROP_MODULE': {'NAME': 'SparsePropMaxPool',
                         'PARAMS': {'NUM_SCALE_LAYERS': [16, 8, 8]}}},
 'TEST': {'BATCH_SIZE': 16,
          'EVAL_TRAIN': True,
          'INTERVAL': 1,
          'NMS_THRESH': 0.5,
          'RECALL': '1,5',
          'TIOU': '0.3,0.5',
          'TOP_K': 10},
 'TRAIN': {'BATCH_SIZE': 32,
           'CONTINUE': False,
           'FACTOR': 0.8,
           'LR': 5e-05,
           'MAX_EPOCH': 600,
           'PATIENCE': 7,
           'SHUFFLE': True,
           'WEIGHT_DECAY': 0.0001},
 'VERBOSE': True,
 'WORKERS': 0}
2026-04-21 20:11:55,619 
iter: 291 train loss 0.6739 val loss 0.6690 test loss 0.6673
+performance on training set--------+-----------------+-----------------+------+
| Rank@1,mIoU@0.3 | Rank@1,mIoU@0.5 | Rank@5,mIoU@0.3 | Rank@5,mIoU@0.5 | mIoU |
+-----------------+-----------------+-----------------+-----------------+------+
|       0.00      |       0.00      |      23.29      |      10.87      | 1.15 |
+-----------------+-----------------+-----------------+-----------------+------+
+performance on validation set------+-----------------+-----------------+------+
| Rank@1,mIoU@0.3 | Rank@1,mIoU@0.5 | Rank@5,mIoU@0.3 | Rank@5,mIoU@0.5 | mIoU |
+-----------------+-----------------+-----------------+-----------------+------+
|       0.00      |       0.00      |      19.44      |       8.15      | 0.77 |
+-----------------+-----------------+-----------------+-----------------+------+
+performance on testing set---------+-----------------+-----------------+------+
| Rank@1,mIoU@0.3 | Rank@1,mIoU@0.5 | Rank@5,mIoU@0.3 | Rank@5,mIoU@0.5 | mIoU |
+-----------------+-----------------+-----------------+-----------------+------+
|       0.00      |       0.00      |       0.00      |       0.00      | 0.00 |
+-----------------+-----------------+-----------------+-----------------+------+

2026-04-21 20:16:42,686 
iter: 582 train loss 0.6666 val loss 0.6603 test loss 0.6581
+performance on training set--------+-----------------+-----------------+------+
| Rank@1,mIoU@0.3 | Rank@1,mIoU@0.5 | Rank@5,mIoU@0.3 | Rank@5,mIoU@0.5 | mIoU |
+-----------------+-----------------+-----------------+-----------------+------+
|       0.00      |       0.00      |      23.29      |      10.87      | 1.15 |
+-----------------+-----------------+-----------------+-----------------+------+
+performance on validation set------+-----------------+-----------------+------+
| Rank@1,mIoU@0.3 | Rank@1,mIoU@0.5 | Rank@5,mIoU@0.3 | Rank@5,mIoU@0.5 | mIoU |
+-----------------+-----------------+-----------------+-----------------+------+
|       0.00      |       0.00      |      19.44      |       8.15      | 0.77 |
+-----------------+-----------------+-----------------+-----------------+------+
+performance on testing set---------+-----------------+-----------------+------+
| Rank@1,mIoU@0.3 | Rank@1,mIoU@0.5 | Rank@5,mIoU@0.3 | Rank@5,mIoU@0.5 | mIoU |
+-----------------+-----------------+-----------------+-----------------+------+
|       0.00      |       0.00      |       0.00      |       0.00      | 0.00 |
+-----------------+-----------------+-----------------+-----------------+------+

2026-04-21 20:21:23,971 
iter: 873 train loss 0.6569 val loss 0.6467 test loss 0.6436
+performance on training set--------+-----------------+-----------------+-------+
| Rank@1,mIoU@0.3 | Rank@1,mIoU@0.5 | Rank@5,mIoU@0.3 | Rank@5,mIoU@0.5 | mIoU  |
+-----------------+-----------------+-----------------+-----------------+-------+
|      16.95      |       5.77      |      41.91      |      18.84      | 13.45 |
+-----------------+-----------------+-----------------+-----------------+-------+
+performance on validation set------+-----------------+-----------------+------+
| Rank@1,mIoU@0.3 | Rank@1,mIoU@0.5 | Rank@5,mIoU@0.3 | Rank@5,mIoU@0.5 | mIoU |
+-----------------+-----------------+-----------------+-----------------+------+
|       8.46      |       3.13      |      21.63      |       8.78      | 8.85 |
+-----------------+-----------------+-----------------+-----------------+------+
+performance on testing set---------+-----------------+-----------------+------+
| Rank@1,mIoU@0.3 | Rank@1,mIoU@0.5 | Rank@5,mIoU@0.3 | Rank@5,mIoU@0.5 | mIoU |
+-----------------+-----------------+-----------------+-----------------+------+
|       0.00      |       0.00      |       0.00      |       0.00      | 0.00 |
+-----------------+-----------------+-----------------+-----------------+------+

2026-04-21 20:26:04,352 
iter: 1164 train loss 0.2583 val loss 0.1473 test loss 0.0663
+performance on training set--------+-----------------+-----------------+-------+
| Rank@1,mIoU@0.3 | Rank@1,mIoU@0.5 | Rank@5,mIoU@0.3 | Rank@5,mIoU@0.5 | mIoU  |
+-----------------+-----------------+-----------------+-----------------+-------+
|      17.04      |       6.45      |      43.93      |      20.15      | 14.61 |
+-----------------+-----------------+-----------------+-----------------+-------+
+performance on validation set------+-----------------+-----------------+------+
| Rank@1,mIoU@0.3 | Rank@1,mIoU@0.5 | Rank@5,mIoU@0.3 | Rank@5,mIoU@0.5 | mIoU |
+-----------------+-----------------+-----------------+-----------------+------+
|       8.15      |       4.08      |      29.47      |      13.48      | 7.82 |
+-----------------+-----------------+-----------------+-----------------+------+
+performance on testing set---------+-----------------+-----------------+------+
| Rank@1,mIoU@0.3 | Rank@1,mIoU@0.5 | Rank@5,mIoU@0.3 | Rank@5,mIoU@0.5 | mIoU |
+-----------------+-----------------+-----------------+-----------------+------+
|       0.00      |       0.00      |       0.00      |       0.00      | 0.00 |
+-----------------+-----------------+-----------------+-----------------+------+

2026-04-21 20:30:45,447 
iter: 1455 train loss 0.2200 val loss 0.1439 test loss 0.0599
+performance on training set--------+-----------------+-----------------+-------+
| Rank@1,mIoU@0.3 | Rank@1,mIoU@0.5 | Rank@5,mIoU@0.3 | Rank@5,mIoU@0.5 | mIoU  |
+-----------------+-----------------+-----------------+-----------------+-------+
|      17.02      |       6.05      |      39.92      |      18.58      | 13.71 |
+-----------------+-----------------+-----------------+-----------------+-------+
+performance on validation set------+-----------------+-----------------+------+
| Rank@1,mIoU@0.3 | Rank@1,mIoU@0.5 | Rank@5,mIoU@0.3 | Rank@5,mIoU@0.5 | mIoU |
+-----------------+-----------------+-----------------+-----------------+------+
|       8.46      |       3.45      |      30.41      |      15.67      | 7.65 |
+-----------------+-----------------+-----------------+-----------------+------+
+performance on testing set---------+-----------------+-----------------+------+
| Rank@1,mIoU@0.3 | Rank@1,mIoU@0.5 | Rank@5,mIoU@0.3 | Rank@5,mIoU@0.5 | mIoU |
+-----------------+-----------------+-----------------+-----------------+------+
|       0.00      |       0.00      |       0.00      |       0.00      | 0.00 |
+-----------------+-----------------+-----------------+-----------------+------+

2026-04-21 20:35:26,999 
iter: 1746 train loss 0.2200 val loss 0.1494 test loss 0.0708
+performance on training set--------+-----------------+-----------------+-------+
| Rank@1,mIoU@0.3 | Rank@1,mIoU@0.5 | Rank@5,mIoU@0.3 | Rank@5,mIoU@0.5 | mIoU  |
+-----------------+-----------------+-----------------+-----------------+-------+
|      16.91      |       6.21      |      40.40      |      19.16      | 13.36 |
+-----------------+-----------------+-----------------+-----------------+-------+
+performance on validation set------+-----------------+-----------------+------+
| Rank@1,mIoU@0.3 | Rank@1,mIoU@0.5 | Rank@5,mIoU@0.3 | Rank@5,mIoU@0.5 | mIoU |
+-----------------+-----------------+-----------------+-----------------+------+
|       9.09      |       4.39      |      30.41      |      16.93      | 8.55 |
+-----------------+-----------------+-----------------+-----------------+------+
+performance on testing set---------+-----------------+-----------------+------+
| Rank@1,mIoU@0.3 | Rank@1,mIoU@0.5 | Rank@5,mIoU@0.3 | Rank@5,mIoU@0.5 | mIoU |
+-----------------+-----------------+-----------------+-----------------+------+
|       0.00      |       0.00      |       0.00      |       0.00      | 0.00 |
+-----------------+-----------------+-----------------+-----------------+------+

2026-04-21 20:40:08,647 
iter: 2037 train loss 0.2201 val loss 0.1480 test loss 0.0682
+performance on training set--------+-----------------+-----------------+-------+
| Rank@1,mIoU@0.3 | Rank@1,mIoU@0.5 | Rank@5,mIoU@0.3 | Rank@5,mIoU@0.5 | mIoU  |
+-----------------+-----------------+-----------------+-----------------+-------+
|      16.88      |       6.21      |      40.05      |      18.81      | 13.33 |
+-----------------+-----------------+-----------------+-----------------+-------+
+performance on validation set------+-----------------+-----------------+------+
| Rank@1,mIoU@0.3 | Rank@1,mIoU@0.5 | Rank@5,mIoU@0.3 | Rank@5,mIoU@0.5 | mIoU |
+-----------------+-----------------+-----------------+-----------------+------+
|       9.40      |       4.08      |      28.53      |      15.36      | 8.23 |
+-----------------+-----------------+-----------------+-----------------+------+
+performance on testing set---------+-----------------+-----------------+------+
| Rank@1,mIoU@0.3 | Rank@1,mIoU@0.5 | Rank@5,mIoU@0.3 | Rank@5,mIoU@0.5 | mIoU |
+-----------------+-----------------+-----------------+-----------------+------+
|       0.00      |       0.00      |       0.00      |       0.00      | 0.00 |
+-----------------+-----------------+-----------------+-----------------+------+

2026-04-21 20:44:48,483 
iter: 2328 train loss 0.2193 val loss 0.1477 test loss 0.0677
+performance on training set--------+-----------------+-----------------+-------+
| Rank@1,mIoU@0.3 | Rank@1,mIoU@0.5 | Rank@5,mIoU@0.3 | Rank@5,mIoU@0.5 | mIoU  |
+-----------------+-----------------+-----------------+-----------------+-------+
|      16.93      |       6.25      |      39.94      |      18.61      | 13.32 |
+-----------------+-----------------+-----------------+-----------------+-------+
+performance on validation set------+-----------------+-----------------+------+
| Rank@1,mIoU@0.3 | Rank@1,mIoU@0.5 | Rank@5,mIoU@0.3 | Rank@5,mIoU@0.5 | mIoU |
+-----------------+-----------------+-----------------+-----------------+------+
|       9.40      |       3.45      |      29.78      |      17.24      | 8.09 |
+-----------------+-----------------+-----------------+-----------------+------+
+performance on testing set---------+-----------------+-----------------+------+
| Rank@1,mIoU@0.3 | Rank@1,mIoU@0.5 | Rank@5,mIoU@0.3 | Rank@5,mIoU@0.5 | mIoU |
+-----------------+-----------------+-----------------+-----------------+------+
|       0.00      |       0.00      |       0.00      |       0.00      | 0.00 |
+-----------------+-----------------+-----------------+-----------------+------+

2026-04-21 20:49:29,882 
iter: 2619 train loss 0.2194 val loss 0.1463 test loss 0.0648
+performance on training set--------+-----------------+-----------------+-------+
| Rank@1,mIoU@0.3 | Rank@1,mIoU@0.5 | Rank@5,mIoU@0.3 | Rank@5,mIoU@0.5 | mIoU  |
+-----------------+-----------------+-----------------+-----------------+-------+
|      17.23      |       6.34      |      39.73      |      18.49      | 13.04 |
+-----------------+-----------------+-----------------+-----------------+-------+
+performance on validation set------+-----------------+-----------------+------+
| Rank@1,mIoU@0.3 | Rank@1,mIoU@0.5 | Rank@5,mIoU@0.3 | Rank@5,mIoU@0.5 | mIoU |
+-----------------+-----------------+-----------------+-----------------+------+
|      10.34      |       4.39      |      31.66      |      17.55      | 8.41 |
+-----------------+-----------------+-----------------+-----------------+------+
+performance on testing set---------+-----------------+-----------------+------+
| Rank@1,mIoU@0.3 | Rank@1,mIoU@0.5 | Rank@5,mIoU@0.3 | Rank@5,mIoU@0.5 | mIoU |
+-----------------+-----------------+-----------------+-----------------+------+
|       0.00      |       0.00      |       0.00      |       0.00      | 0.00 |
+-----------------+-----------------+-----------------+-----------------+------+

2026-04-21 20:54:08,925 
iter: 2910 train loss 0.2193 val loss 0.1478 test loss 0.0672
+performance on training set--------+-----------------+-----------------+-------+
| Rank@1,mIoU@0.3 | Rank@1,mIoU@0.5 | Rank@5,mIoU@0.3 | Rank@5,mIoU@0.5 | mIoU  |
+-----------------+-----------------+-----------------+-----------------+-------+
|      17.12      |       6.32      |      39.94      |      18.84      | 13.45 |
+-----------------+-----------------+-----------------+-----------------+-------+
+performance on validation set------+-----------------+-----------------+------+
| Rank@1,mIoU@0.3 | Rank@1,mIoU@0.5 | Rank@5,mIoU@0.3 | Rank@5,mIoU@0.5 | mIoU |
+-----------------+-----------------+-----------------+-----------------+------+
|       9.09      |       5.02      |      28.84      |      17.24      | 8.45 |
+-----------------+-----------------+-----------------+-----------------+------+
+performance on testing set---------+-----------------+-----------------+------+
| Rank@1,mIoU@0.3 | Rank@1,mIoU@0.5 | Rank@5,mIoU@0.3 | Rank@5,mIoU@0.5 | mIoU |
+-----------------+-----------------+-----------------+-----------------+------+
|       0.00      |       0.00      |       0.00      |       0.00      | 0.00 |
+-----------------+-----------------+-----------------+-----------------+------+

2026-04-21 20:58:46,819 
iter: 3201 train loss 0.2192 val loss 0.1495 test loss 0.0689
+performance on training set--------+-----------------+-----------------+-------+
| Rank@1,mIoU@0.3 | Rank@1,mIoU@0.5 | Rank@5,mIoU@0.3 | Rank@5,mIoU@0.5 | mIoU  |
+-----------------+-----------------+-----------------+-----------------+-------+
|      18.74      |       7.44      |      40.78      |      19.25      | 13.87 |
+-----------------+-----------------+-----------------+-----------------+-------+
+performance on validation set------+-----------------+-----------------+------+
| Rank@1,mIoU@0.3 | Rank@1,mIoU@0.5 | Rank@5,mIoU@0.3 | Rank@5,mIoU@0.5 | mIoU |
+-----------------+-----------------+-----------------+-----------------+------+
|       8.78      |       3.76      |      27.90      |      16.30      | 7.50 |
+-----------------+-----------------+-----------------+-----------------+------+
+performance on testing set---------+-----------------+-----------------+------+
| Rank@1,mIoU@0.3 | Rank@1,mIoU@0.5 | Rank@5,mIoU@0.3 | Rank@5,mIoU@0.5 | mIoU |
+-----------------+-----------------+-----------------+-----------------+------+
|       0.00      |       0.00      |       0.00      |       0.00      | 0.00 |
+-----------------+-----------------+-----------------+-----------------+------+

2026-04-21 21:03:25,533 
iter: 3492 train loss 0.2186 val loss 0.1452 test loss 0.0620
+performance on training set--------+-----------------+-----------------+-------+
| Rank@1,mIoU@0.3 | Rank@1,mIoU@0.5 | Rank@5,mIoU@0.3 | Rank@5,mIoU@0.5 | mIoU  |
+-----------------+-----------------+-----------------+-----------------+-------+
|      18.87      |       7.60      |      40.65      |      19.34      | 14.00 |
+-----------------+-----------------+-----------------+-----------------+-------+
+performance on validation set------+-----------------+-----------------+------+
| Rank@1,mIoU@0.3 | Rank@1,mIoU@0.5 | Rank@5,mIoU@0.3 | Rank@5,mIoU@0.5 | mIoU |
+-----------------+-----------------+-----------------+-----------------+------+
|       8.46      |       4.70      |      25.71      |      13.79      | 7.56 |
+-----------------+-----------------+-----------------+-----------------+------+
+performance on testing set---------+-----------------+-----------------+------+
| Rank@1,mIoU@0.3 | Rank@1,mIoU@0.5 | Rank@5,mIoU@0.3 | Rank@5,mIoU@0.5 | mIoU |
+-----------------+-----------------+-----------------+-----------------+------+
|       0.00      |       0.00      |       0.00      |       0.00      | 0.00 |
+-----------------+-----------------+-----------------+-----------------+------+

2026-04-21 21:08:05,930 
iter: 3783 train loss 0.2180 val loss 0.1508 test loss 0.0691
+performance on training set--------+-----------------+-----------------+-------+
| Rank@1,mIoU@0.3 | Rank@1,mIoU@0.5 | Rank@5,mIoU@0.3 | Rank@5,mIoU@0.5 | mIoU  |
+-----------------+-----------------+-----------------+-----------------+-------+
|      19.96      |       8.68      |      41.73      |      20.18      | 14.71 |
+-----------------+-----------------+-----------------+-----------------+-------+
+performance on validation set------+-----------------+-----------------+------+
| Rank@1,mIoU@0.3 | Rank@1,mIoU@0.5 | Rank@5,mIoU@0.3 | Rank@5,mIoU@0.5 | mIoU |
+-----------------+-----------------+-----------------+-----------------+------+
|       7.52      |       3.76      |      23.82      |      13.48      | 6.54 |
+-----------------+-----------------+-----------------+-----------------+------+
+performance on testing set---------+-----------------+-----------------+------+
| Rank@1,mIoU@0.3 | Rank@1,mIoU@0.5 | Rank@5,mIoU@0.3 | Rank@5,mIoU@0.5 | mIoU |
+-----------------+-----------------+-----------------+-----------------+------+
|       0.00      |       0.00      |       0.00      |       0.00      | 0.00 |
+-----------------+-----------------+-----------------+-----------------+------+

2026-04-21 21:12:45,328 
iter: 4074 train loss 0.2179 val loss 0.1478 test loss 0.0639
+performance on training set--------+-----------------+-----------------+-------+
| Rank@1,mIoU@0.3 | Rank@1,mIoU@0.5 | Rank@5,mIoU@0.3 | Rank@5,mIoU@0.5 | mIoU  |
+-----------------+-----------------+-----------------+-----------------+-------+
|      21.10      |       9.40      |      42.30      |      20.50      | 15.24 |
+-----------------+-----------------+-----------------+-----------------+-------+
+performance on validation set------+-----------------+-----------------+------+
| Rank@1,mIoU@0.3 | Rank@1,mIoU@0.5 | Rank@5,mIoU@0.3 | Rank@5,mIoU@0.5 | mIoU |
+-----------------+-----------------+-----------------+-----------------+------+
|       6.90      |       2.82      |      21.94      |      11.29      | 5.81 |
+-----------------+-----------------+-----------------+-----------------+------+
+performance on testing set---------+-----------------+-----------------+------+
| Rank@1,mIoU@0.3 | Rank@1,mIoU@0.5 | Rank@5,mIoU@0.3 | Rank@5,mIoU@0.5 | mIoU |
+-----------------+-----------------+-----------------+-----------------+------+
|       0.00      |       0.00      |       0.00      |       0.00      | 0.00 |
+-----------------+-----------------+-----------------+-----------------+------+

2026-04-21 21:17:26,987 
iter: 4365 train loss 0.2166 val loss 0.1459 test loss 0.0608
+performance on training set--------+-----------------+-----------------+-------+
| Rank@1,mIoU@0.3 | Rank@1,mIoU@0.5 | Rank@5,mIoU@0.3 | Rank@5,mIoU@0.5 | mIoU  |
+-----------------+-----------------+-----------------+-----------------+-------+
|      21.58      |       9.49      |      42.43      |      20.62      | 15.47 |
+-----------------+-----------------+-----------------+-----------------+-------+
+performance on validation set------+-----------------+-----------------+------+
| Rank@1,mIoU@0.3 | Rank@1,mIoU@0.5 | Rank@5,mIoU@0.3 | Rank@5,mIoU@0.5 | mIoU |
+-----------------+-----------------+-----------------+-----------------+------+
|       7.52      |       3.45      |      22.57      |      11.29      | 6.15 |
+-----------------+-----------------+-----------------+-----------------+------+
+performance on testing set---------+-----------------+-----------------+------+
| Rank@1,mIoU@0.3 | Rank@1,mIoU@0.5 | Rank@5,mIoU@0.3 | Rank@5,mIoU@0.5 | mIoU |
+-----------------+-----------------+-----------------+-----------------+------+
|       0.00      |       0.00      |       0.00      |       0.00      | 0.00 |
+-----------------+-----------------+-----------------+-----------------+------+

2026-04-21 21:22:07,226 
iter: 4656 train loss 0.2169 val loss 0.1450 test loss 0.0568
+performance on training set--------+-----------------+-----------------+-------+
| Rank@1,mIoU@0.3 | Rank@1,mIoU@0.5 | Rank@5,mIoU@0.3 | Rank@5,mIoU@0.5 | mIoU  |
+-----------------+-----------------+-----------------+-----------------+-------+
|      22.79      |      10.34      |      44.00      |      21.84      | 16.09 |
+-----------------+-----------------+-----------------+-----------------+-------+
+performance on validation set------+-----------------+-----------------+------+
| Rank@1,mIoU@0.3 | Rank@1,mIoU@0.5 | Rank@5,mIoU@0.3 | Rank@5,mIoU@0.5 | mIoU |
+-----------------+-----------------+-----------------+-----------------+------+
|       7.21      |       2.51      |      19.44      |       7.84      | 6.06 |
+-----------------+-----------------+-----------------+-----------------+------+
+performance on testing set---------+-----------------+-----------------+------+
| Rank@1,mIoU@0.3 | Rank@1,mIoU@0.5 | Rank@5,mIoU@0.3 | Rank@5,mIoU@0.5 | mIoU |
+-----------------+-----------------+-----------------+-----------------+------+
|       0.00      |       0.00      |       0.00      |       0.00      | 0.00 |
+-----------------+-----------------+-----------------+-----------------+------+

